Watching for file changes with StatReloader
[24/May/2026 11:14:03] "GET / HTTP/1.1" 200 19424
[24/May/2026 11:14:03,296] - Broken pipe from ('127.0.0.1', 55696)
[24/May/2026 11:14:18] "GET / HTTP/1.1" 200 19424
[24/May/2026 11:14:18,428] - Broken pipe from ('127.0.0.1', 55703)
C:\Users\shahb\OneDrive\Desktop\calculator.teratech.uz\config\settings.py changed, reloading.
Watching for file changes with StatReloader
Exception in thread django-main-thread:
Traceback (most recent call last):
  File "C:\Users\shahb\AppData\Local\Programs\Python\Python313\Lib\threading.py", line 1044, in _bootstrap_inner
    self.run()
    ~~~~~~~~^^
  File "C:\Users\shahb\AppData\Local\Programs\Python\Python313\Lib\threading.py", line 995, in run
    self._target(*self._args, **self._kwargs)
    ~~~~~~~~~~~~^^^^^^^^^^^^^^^^^^^^^^^^^^^^^
  File "C:\Users\shahb\AppData\Local\Programs\Python\Python313\Lib\site-packages\django\utils\autoreload.py", line 64, in wrapper
    fn(*args, **kwargs)
    ~~^^^^^^^^^^^^^^^^^
  File "C:\Users\shahb\AppData\Local\Programs\Python\Python313\Lib\site-packages\django\core\management\commands\runserver.py", line 124, in inner_run
    autoreload.raise_last_exception()
    ~~~~~~~~~~~~~~~~~~~~~~~~~~~~~~~^^
  File "C:\Users\shahb\AppData\Local\Programs\Python\Python313\Lib\site-packages\django\utils\autoreload.py", line 86, in raise_last_exception
    raise _exception[1]
  File "C:\Users\shahb\AppData\Local\Programs\Python\Python313\Lib\site-packages\django\core\management\__init__.py", line 395, in execute
    autoreload.check_errors(django.setup)()
    ~~~~~~~~~~~~~~~~~~~~~~~~~~~~~~~~~~~~~^^
  File "C:\Users\shahb\AppData\Local\Programs\Python\Python313\Lib\site-packages\django\utils\autoreload.py", line 64, in wrapper
    fn(*args, **kwargs)
    ~~^^^^^^^^^^^^^^^^^
  File "C:\Users\shahb\AppData\Local\Programs\Python\Python313\Lib\site-packages\django\__init__.py", line 24, in setup
    apps.populate(settings.INSTALLED_APPS)
    ~~~~~~~~~~~~~^^^^^^^^^^^^^^^^^^^^^^^^^
  File "C:\Users\shahb\AppData\Local\Programs\Python\Python313\Lib\site-packages\django\apps\registry.py", line 124, in populate
    app_config.ready()
    ~~~~~~~~~~~~~~~~^^
  File "C:\Users\shahb\AppData\Local\Programs\Python\Python313\Lib\site-packages\django\contrib\admin\apps.py", line 27, in ready
    self.module.autodiscover()
    ~~~~~~~~~~~~~~~~~~~~~~~~^^
  File "C:\Users\shahb\AppData\Local\Programs\Python\Python313\Lib\site-packages\django\contrib\admin\__init__.py", line 52, in autodiscover
    autodiscover_modules("admin", register_to=site)
    ~~~~~~~~~~~~~~~~~~~~^^^^^^^^^^^^^^^^^^^^^^^^^^^
  File "C:\Users\shahb\AppData\Local\Programs\Python\Python313\Lib\site-packages\django\utils\module_loading.py", line 58, in autodiscover_modules
    import_module("%s.%s" % (app_config.name, module_to_search))
    ~~~~~~~~~~~~~^^^^^^^^^^^^^^^^^^^^^^^^^^^^^^^^^^^^^^^^^^^^^^^
  File "C:\Users\shahb\AppData\Local\Programs\Python\Python313\Lib\importlib\__init__.py", line 88, in import_module
    return _bootstrap._gcd_import(name[level:], package, level)
           ~~~~~~~~~~~~~~~~~~~~~~^^^^^^^^^^^^^^^^^^^^^^^^^^^^^^
  File "<frozen importlib._bootstrap>", line 1395, in _gcd_import
  File "<frozen importlib._bootstrap>", line 1360, in _find_and_load
  File "<frozen importlib._bootstrap>", line 1331, in _find_and_load_unlocked
  File "<frozen importlib._bootstrap>", line 935, in _load_unlocked
  File "<frozen importlib._bootstrap_external>", line 1023, in exec_module
  File "<frozen importlib._bootstrap>", line 488, in _call_with_frames_removed
  File "C:\Users\shahb\OneDrive\Desktop\calculator.teratech.uz\calculator\admin.py", line 3, in <module>
    from .models import BuildQuote, Component, Platform
ImportError: cannot import name 'Component' from 'calculator.models' (C:\Users\shahb\OneDrive\Desktop\calculator.teratech.uz\calculator\models.py)
C:\Users\shahb\OneDrive\Desktop\calculator.teratech.uz\calculator\admin.py changed, reloading.
Watching for file changes with StatReloader
Exception in thread django-main-thread:
Traceback (most recent call last):
  File "C:\Users\shahb\AppData\Local\Programs\Python\Python313\Lib\threading.py", line 1044, in _bootstrap_inner
    self.run()
    ~~~~~~~~^^
  File "C:\Users\shahb\AppData\Local\Programs\Python\Python313\Lib\threading.py", line 995, in run
    self._target(*self._args, **self._kwargs)
    ~~~~~~~~~~~~^^^^^^^^^^^^^^^^^^^^^^^^^^^^^
  File "C:\Users\shahb\AppData\Local\Programs\Python\Python313\Lib\site-packages\django\utils\autoreload.py", line 64, in wrapper
    fn(*args, **kwargs)
    ~~^^^^^^^^^^^^^^^^^
  File "C:\Users\shahb\AppData\Local\Programs\Python\Python313\Lib\site-packages\django\core\management\commands\runserver.py", line 134, in inner_run
    self.check(**check_kwargs)
    ~~~~~~~~~~^^^^^^^^^^^^^^^^
  File "C:\Users\shahb\AppData\Local\Programs\Python\Python313\Lib\site-packages\django\core\management\base.py", line 496, in check
    all_issues = checks.run_checks(
        app_configs=app_configs,
    ...<2 lines>...
        databases=databases,
    )
  File "C:\Users\shahb\AppData\Local\Programs\Python\Python313\Lib\site-packages\django\core\checks\registry.py", line 89, in run_checks
    new_errors = check(app_configs=app_configs, databases=databases)
  File "C:\Users\shahb\AppData\Local\Programs\Python\Python313\Lib\site-packages\django\core\checks\urls.py", line 16, in check_url_config
    return check_resolver(resolver)
  File "C:\Users\shahb\AppData\Local\Programs\Python\Python313\Lib\site-packages\django\core\checks\urls.py", line 26, in check_resolver
    return check_method()
  File "C:\Users\shahb\AppData\Local\Programs\Python\Python313\Lib\site-packages\django\urls\resolvers.py", line 541, in check
    for pattern in self.url_patterns:
                   ^^^^^^^^^^^^^^^^^
  File "C:\Users\shahb\AppData\Local\Programs\Python\Python313\Lib\site-packages\django\utils\functional.py", line 47, in __get__
    res = instance.__dict__[self.name] = self.func(instance)
                                         ~~~~~~~~~^^^^^^^^^^
  File "C:\Users\shahb\AppData\Local\Programs\Python\Python313\Lib\site-packages\django\urls\resolvers.py", line 729, in url_patterns
    patterns = getattr(self.urlconf_module, "urlpatterns", self.urlconf_module)
                       ^^^^^^^^^^^^^^^^^^^
  File "C:\Users\shahb\AppData\Local\Programs\Python\Python313\Lib\site-packages\django\utils\functional.py", line 47, in __get__
    res = instance.__dict__[self.name] = self.func(instance)
                                         ~~~~~~~~~^^^^^^^^^^
  File "C:\Users\shahb\AppData\Local\Programs\Python\Python313\Lib\site-packages\django\urls\resolvers.py", line 722, in urlconf_module
    return import_module(self.urlconf_name)
  File "C:\Users\shahb\AppData\Local\Programs\Python\Python313\Lib\importlib\__init__.py", line 88, in import_module
    return _bootstrap._gcd_import(name[level:], package, level)
           ~~~~~~~~~~~~~~~~~~~~~~^^^^^^^^^^^^^^^^^^^^^^^^^^^^^^
  File "<frozen importlib._bootstrap>", line 1395, in _gcd_import
  File "<frozen importlib._bootstrap>", line 1360, in _find_and_load
  File "<frozen importlib._bootstrap>", line 1331, in _find_and_load_unlocked
  File "<frozen importlib._bootstrap>", line 935, in _load_unlocked
  File "<frozen importlib._bootstrap_external>", line 1023, in exec_module
  File "<frozen importlib._bootstrap>", line 488, in _call_with_frames_removed
  File "C:\Users\shahb\OneDrive\Desktop\calculator.teratech.uz\config\urls.py", line 21, in <module>
    path('', include('calculator.urls')),
             ~~~~~~~^^^^^^^^^^^^^^^^^^^
  File "C:\Users\shahb\AppData\Local\Programs\Python\Python313\Lib\site-packages\django\urls\conf.py", line 39, in include
    urlconf_module = import_module(urlconf_module)
  File "C:\Users\shahb\AppData\Local\Programs\Python\Python313\Lib\importlib\__init__.py", line 88, in import_module
    return _bootstrap._gcd_import(name[level:], package, level)
           ~~~~~~~~~~~~~~~~~~~~~~^^^^^^^^^^^^^^^^^^^^^^^^^^^^^^
  File "<frozen importlib._bootstrap>", line 1395, in _gcd_import
  File "<frozen importlib._bootstrap>", line 1360, in _find_and_load
  File "<frozen importlib._bootstrap>", line 1331, in _find_and_load_unlocked
  File "<frozen importlib._bootstrap>", line 935, in _load_unlocked
  File "<frozen importlib._bootstrap_external>", line 1023, in exec_module
  File "<frozen importlib._bootstrap>", line 488, in _call_with_frames_removed
  File "C:\Users\shahb\OneDrive\Desktop\calculator.teratech.uz\calculator\urls.py", line 3, in <module>
    from . import views
  File "C:\Users\shahb\OneDrive\Desktop\calculator.teratech.uz\calculator\views.py", line 86
    motherboard.price
    ^^^^^^^^^^^^^^^^^
SyntaxError: invalid syntax. Perhaps you forgot a comma?
C:\Users\shahb\OneDrive\Desktop\calculator.teratech.uz\calculator\views.py changed, reloading.
Watching for file changes with StatReloader
C:\Users\shahb\OneDrive\Desktop\calculator.teratech.uz\calculator\migrations\0001_initial.py changed, reloading.
Watching for file changes with StatReloader
[24/May/2026 11:50:54] "GET / HTTP/1.1" 200 19238
[24/May/2026 11:50:54,792] - Broken pipe from ('127.0.0.1', 62073)
C:\Users\shahb\OneDrive\Desktop\calculator.teratech.uz\calculator\models.py changed, reloading.
Watching for file changes with StatReloader
Exception in thread django-main-thread:
Traceback (most recent call last):
  File "C:\Users\shahb\AppData\Local\Programs\Python\Python313\Lib\threading.py", line 1044, in _bootstrap_inner
    self.run()
    ~~~~~~~~^^
  File "C:\Users\shahb\AppData\Local\Programs\Python\Python313\Lib\threading.py", line 995, in run
    self._target(*self._args, **self._kwargs)
    ~~~~~~~~~~~~^^^^^^^^^^^^^^^^^^^^^^^^^^^^^
  File "C:\Users\shahb\AppData\Local\Programs\Python\Python313\Lib\site-packages\django\utils\autoreload.py", line 64, in wrapper
    fn(*args, **kwargs)
    ~~^^^^^^^^^^^^^^^^^
  File "C:\Users\shahb\AppData\Local\Programs\Python\Python313\Lib\site-packages\django\core\management\commands\runserver.py", line 134, in inner_run
    self.check(**check_kwargs)
    ~~~~~~~~~~^^^^^^^^^^^^^^^^
  File "C:\Users\shahb\AppData\Local\Programs\Python\Python313\Lib\site-packages\django\core\management\base.py", line 496, in check
    all_issues = checks.run_checks(
        app_configs=app_configs,
    ...<2 lines>...
        databases=databases,
    )
  File "C:\Users\shahb\AppData\Local\Programs\Python\Python313\Lib\site-packages\django\core\checks\registry.py", line 89, in run_checks
    new_errors = check(app_configs=app_configs, databases=databases)
  File "C:\Users\shahb\AppData\Local\Programs\Python\Python313\Lib\site-packages\django\core\checks\urls.py", line 16, in check_url_config
    return check_resolver(resolver)
  File "C:\Users\shahb\AppData\Local\Programs\Python\Python313\Lib\site-packages\django\core\checks\urls.py", line 26, in check_resolver
    return check_method()
  File "C:\Users\shahb\AppData\Local\Programs\Python\Python313\Lib\site-packages\django\urls\resolvers.py", line 541, in check
    for pattern in self.url_patterns:
                   ^^^^^^^^^^^^^^^^^
  File "C:\Users\shahb\AppData\Local\Programs\Python\Python313\Lib\site-packages\django\utils\functional.py", line 47, in __get__
    res = instance.__dict__[self.name] = self.func(instance)
                                         ~~~~~~~~~^^^^^^^^^^
  File "C:\Users\shahb\AppData\Local\Programs\Python\Python313\Lib\site-packages\django\urls\resolvers.py", line 729, in url_patterns
    patterns = getattr(self.urlconf_module, "urlpatterns", self.urlconf_module)
                       ^^^^^^^^^^^^^^^^^^^
  File "C:\Users\shahb\AppData\Local\Programs\Python\Python313\Lib\site-packages\django\utils\functional.py", line 47, in __get__
    res = instance.__dict__[self.name] = self.func(instance)
                                         ~~~~~~~~~^^^^^^^^^^
  File "C:\Users\shahb\AppData\Local\Programs\Python\Python313\Lib\site-packages\django\urls\resolvers.py", line 722, in urlconf_module
    return import_module(self.urlconf_name)
  File "C:\Users\shahb\AppData\Local\Programs\Python\Python313\Lib\importlib\__init__.py", line 88, in import_module
    return _bootstrap._gcd_import(name[level:], package, level)
           ~~~~~~~~~~~~~~~~~~~~~~^^^^^^^^^^^^^^^^^^^^^^^^^^^^^^
  File "<frozen importlib._bootstrap>", line 1395, in _gcd_import
  File "<frozen importlib._bootstrap>", line 1360, in _find_and_load
  File "<frozen importlib._bootstrap>", line 1331, in _find_and_load_unlocked
  File "<frozen importlib._bootstrap>", line 935, in _load_unlocked
  File "<frozen importlib._bootstrap_external>", line 1023, in exec_module
  File "<frozen importlib._bootstrap>", line 488, in _call_with_frames_removed
  File "C:\Users\shahb\OneDrive\Desktop\calculator.teratech.uz\config\urls.py", line 21, in <module>
    path('', include('calculator.urls')),
             ~~~~~~~^^^^^^^^^^^^^^^^^^^
  File "C:\Users\shahb\AppData\Local\Programs\Python\Python313\Lib\site-packages\django\urls\conf.py", line 39, in include
    urlconf_module = import_module(urlconf_module)
  File "C:\Users\shahb\AppData\Local\Programs\Python\Python313\Lib\importlib\__init__.py", line 88, in import_module
    return _bootstrap._gcd_import(name[level:], package, level)
           ~~~~~~~~~~~~~~~~~~~~~~^^^^^^^^^^^^^^^^^^^^^^^^^^^^^^
  File "<frozen importlib._bootstrap>", line 1395, in _gcd_import
  File "<frozen importlib._bootstrap>", line 1360, in _find_and_load
  File "<frozen importlib._bootstrap>", line 1331, in _find_and_load_unlocked
  File "<frozen importlib._bootstrap>", line 935, in _load_unlocked
  File "<frozen importlib._bootstrap_external>", line 1023, in exec_module
  File "<frozen importlib._bootstrap>", line 488, in _call_with_frames_removed
  File "C:\Users\shahb\OneDrive\Desktop\calculator.teratech.uz\calculator\urls.py", line 3, in <module>
    from . import views
  File "C:\Users\shahb\OneDrive\Desktop\calculator.teratech.uz\calculator\views.py", line 8, in <module>
    from products.models import CPU, RAM, KeyboardMouse, Monitor, Motherboard, Storage
ImportError: cannot import name 'Monitor' from 'products.models' (C:\Users\shahb\OneDrive\Desktop\calculator.teratech.uz\products\models.py)
C:\Users\shahb\OneDrive\Desktop\calculator.teratech.uz\calculator\views.py changed, reloading.
Watching for file changes with StatReloader
C:\Users\shahb\OneDrive\Desktop\calculator.teratech.uz\calculator\migrations\0001_initial.py changed, reloading.
Watching for file changes with StatReloader
[24/May/2026 12:05:15] "GET / HTTP/1.1" 200 19161
[24/May/2026 12:05:15,923] - Broken pipe from ('127.0.0.1', 62008)
C:\Users\shahb\OneDrive\Desktop\calculator.teratech.uz\calculator\views.py changed, reloading.
Watching for file changes with StatReloader
C:\Users\shahb\OneDrive\Desktop\calculator.teratech.uz\products\migrations\0001_initial.py changed, reloading.
Watching for file changes with StatReloader
C:\Users\shahb\OneDrive\Desktop\calculator.teratech.uz\products\models.py changed, reloading.
Watching for file changes with StatReloader
C:\Users\shahb\OneDrive\Desktop\calculator.teratech.uz\products\admin.py changed, reloading.
Watching for file changes with StatReloader
C:\Users\shahb\OneDrive\Desktop\calculator.teratech.uz\products\admin.py changed, reloading.
Watching for file changes with StatReloader
C:\Users\shahb\OneDrive\Desktop\calculator.teratech.uz\products\admin.py changed, reloading.
Watching for file changes with StatReloader
C:\Users\shahb\OneDrive\Desktop\calculator.teratech.uz\products\admin.py changed, reloading.
Watching for file changes with StatReloader
Exception in thread django-main-thread:
Traceback (most recent call last):
  File "C:\Users\shahb\AppData\Local\Programs\Python\Python313\Lib\threading.py", line 1044, in _bootstrap_inner
    self.run()
    ~~~~~~~~^^
  File "C:\Users\shahb\AppData\Local\Programs\Python\Python313\Lib\threading.py", line 995, in run
    self._target(*self._args, **self._kwargs)
    ~~~~~~~~~~~~^^^^^^^^^^^^^^^^^^^^^^^^^^^^^
  File "C:\Users\shahb\AppData\Local\Programs\Python\Python313\Lib\site-packages\django\utils\autoreload.py", line 64, in wrapper
    fn(*args, **kwargs)
    ~~^^^^^^^^^^^^^^^^^
  File "C:\Users\shahb\AppData\Local\Programs\Python\Python313\Lib\site-packages\django\core\management\commands\runserver.py", line 134, in inner_run
    self.check(**check_kwargs)
    ~~~~~~~~~~^^^^^^^^^^^^^^^^
  File "C:\Users\shahb\AppData\Local\Programs\Python\Python313\Lib\site-packages\django\core\management\base.py", line 573, in check
    raise SystemCheckError(msg)
django.core.management.base.SystemCheckError: SystemCheckError: System check identified some issues:

ERRORS:
<class 'products.admin.RAMAdmin'>: (admin.E122) The value of 'list_editable[0]' refers to 'price', which is not contained in 'list_display'.

System check identified 1 issue (0 silenced).
C:\Users\shahb\OneDrive\Desktop\calculator.teratech.uz\products\admin.py changed, reloading.
Watching for file changes with StatReloader
C:\Users\shahb\OneDrive\Desktop\calculator.teratech.uz\products\admin.py changed, reloading.
Watching for file changes with StatReloader
Exception in thread django-main-thread:
Traceback (most recent call last):
  File "C:\Users\shahb\AppData\Local\Programs\Python\Python313\Lib\threading.py", line 1044, in _bootstrap_inner
    self.run()
    ~~~~~~~~^^
  File "C:\Users\shahb\AppData\Local\Programs\Python\Python313\Lib\threading.py", line 995, in run
    self._target(*self._args, **self._kwargs)
    ~~~~~~~~~~~~^^^^^^^^^^^^^^^^^^^^^^^^^^^^^
  File "C:\Users\shahb\AppData\Local\Programs\Python\Python313\Lib\site-packages\django\utils\autoreload.py", line 64, in wrapper
    fn(*args, **kwargs)
    ~~^^^^^^^^^^^^^^^^^
  File "C:\Users\shahb\AppData\Local\Programs\Python\Python313\Lib\site-packages\django\core\management\commands\runserver.py", line 134, in inner_run
    self.check(**check_kwargs)
    ~~~~~~~~~~^^^^^^^^^^^^^^^^
  File "C:\Users\shahb\AppData\Local\Programs\Python\Python313\Lib\site-packages\django\core\management\base.py", line 573, in check
    raise SystemCheckError(msg)
django.core.management.base.SystemCheckError: SystemCheckError: System check identified some issues:

ERRORS:
<class 'products.admin.StorageAdmin'>: (admin.E122) The value of 'list_editable[0]' refers to 'price', which is not contained in 'list_display'.

System check identified 1 issue (0 silenced).
C:\Users\shahb\OneDrive\Desktop\calculator.teratech.uz\products\admin.py changed, reloading.
Watching for file changes with StatReloader
C:\Users\shahb\OneDrive\Desktop\calculator.teratech.uz\products\models.py changed, reloading.
Watching for file changes with StatReloader
C:\Users\shahb\OneDrive\Desktop\calculator.teratech.uz\products\models.py changed, reloading.
Watching for file changes with StatReloader
C:\Users\shahb\OneDrive\Desktop\calculator.teratech.uz\products\admin.py changed, reloading.
Watching for file changes with StatReloader
C:\Users\shahb\OneDrive\Desktop\calculator.teratech.uz\products\admin.py changed, reloading.
Watching for file changes with StatReloader
C:\Users\shahb\OneDrive\Desktop\calculator.teratech.uz\calculator\models.py changed, reloading.
Watching for file changes with StatReloader
C:\Users\shahb\OneDrive\Desktop\calculator.teratech.uz\calculator\models.py changed, reloading.
Watching for file changes with StatReloader
C:\Users\shahb\OneDrive\Desktop\calculator.teratech.uz\calculator\views.py changed, reloading.
Watching for file changes with StatReloader
C:\Users\shahb\OneDrive\Desktop\calculator.teratech.uz\calculator\views.py changed, reloading.
Watching for file changes with StatReloader
[24/May/2026 13:09:20] "GET / HTTP/1.1" 200 18085
[24/May/2026 13:09:20,710] - Broken pipe from ('127.0.0.1', 56941)
