Performing system checks...

System check identified no issues (0 silenced).
May 24, 2026 - 11:14:01
Django version 6.0.5, using settings 'config.settings'
Starting development server at http://127.0.0.1:8001/
Quit the server with CTRL-BREAK.

WARNING: This is a development server. Do not use it in a production setting. Use a production WSGI or ASGI server instead.
For more information on production servers see: https://docs.djangoproject.com/en/6.0/howto/deployment/
Performing system checks...

Performing system checks...

System check identified no issues (0 silenced).
May 24, 2026 - 11:49:30
Django version 6.0.5, using settings 'config.settings'
Starting development server at http://127.0.0.1:8001/
Quit the server with CTRL-BREAK.

WARNING: This is a development server. Do not use it in a production setting. Use a production WSGI or ASGI server instead.
For more information on production servers see: https://docs.djangoproject.com/en/6.0/howto/deployment/
Performing system checks...

System check identified no issues (0 silenced).

You have 20 unapplied migration(s). Your project may not work properly until you apply the migrations for app(s): admin, auth, calculator, contenttypes, products, sessions.
Run 'python manage.py migrate' to apply them.
May 24, 2026 - 11:49:59
Django version 6.0.5, using settings 'config.settings'
Starting development server at http://127.0.0.1:8001/
Quit the server with CTRL-BREAK.

WARNING: This is a development server. Do not use it in a production setting. Use a production WSGI or ASGI server instead.
For more information on production servers see: https://docs.djangoproject.com/en/6.0/howto/deployment/
Performing system checks...

Performing system checks...

System check identified no issues (0 silenced).
May 24, 2026 - 12:02:16
Django version 6.0.5, using settings 'config.settings'
Starting development server at http://127.0.0.1:8001/
Quit the server with CTRL-BREAK.

WARNING: This is a development server. Do not use it in a production setting. Use a production WSGI or ASGI server instead.
For more information on production servers see: https://docs.djangoproject.com/en/6.0/howto/deployment/
Performing system checks...

System check identified no issues (0 silenced).

You have 20 unapplied migration(s). Your project may not work properly until you apply the migrations for app(s): admin, auth, calculator, contenttypes, products, sessions.
Run 'python manage.py migrate' to apply them.
May 24, 2026 - 12:03:46
Django version 6.0.5, using settings 'config.settings'
Starting development server at http://127.0.0.1:8001/
Quit the server with CTRL-BREAK.

WARNING: This is a development server. Do not use it in a production setting. Use a production WSGI or ASGI server instead.
For more information on production servers see: https://docs.djangoproject.com/en/6.0/howto/deployment/
Performing system checks...

System check identified no issues (0 silenced).
May 24, 2026 - 12:15:43
Django version 6.0.5, using settings 'config.settings'
Starting development server at http://127.0.0.1:8001/
Quit the server with CTRL-BREAK.

WARNING: This is a development server. Do not use it in a production setting. Use a production WSGI or ASGI server instead.
For more information on production servers see: https://docs.djangoproject.com/en/6.0/howto/deployment/
Performing system checks...

System check identified no issues (0 silenced).

You have 20 unapplied migration(s). Your project may not work properly until you apply the migrations for app(s): admin, auth, calculator, contenttypes, products, sessions.
Run 'python manage.py migrate' to apply them.
May 24, 2026 - 12:16:02
Django version 6.0.5, using settings 'config.settings'
Starting development server at http://127.0.0.1:8001/
Quit the server with CTRL-BREAK.

WARNING: This is a development server. Do not use it in a production setting. Use a production WSGI or ASGI server instead.
For more information on production servers see: https://docs.djangoproject.com/en/6.0/howto/deployment/
Performing system checks...

System check identified no issues (0 silenced).
May 24, 2026 - 12:26:26
Django version 6.0.5, using settings 'config.settings'
Starting development server at http://127.0.0.1:8001/
Quit the server with CTRL-BREAK.

WARNING: This is a development server. Do not use it in a production setting. Use a production WSGI or ASGI server instead.
For more information on production servers see: https://docs.djangoproject.com/en/6.0/howto/deployment/
Performing system checks...

System check identified no issues (0 silenced).
May 24, 2026 - 12:27:05
Django version 6.0.5, using settings 'config.settings'
Starting development server at http://127.0.0.1:8001/
Quit the server with CTRL-BREAK.

WARNING: This is a development server. Do not use it in a production setting. Use a production WSGI or ASGI server instead.
For more information on production servers see: https://docs.djangoproject.com/en/6.0/howto/deployment/
Performing system checks...

System check identified no issues (0 silenced).
May 24, 2026 - 12:28:14
Django version 6.0.5, using settings 'config.settings'
Starting development server at http://127.0.0.1:8001/
Quit the server with CTRL-BREAK.

WARNING: This is a development server. Do not use it in a production setting. Use a production WSGI or ASGI server instead.
For more information on production servers see: https://docs.djangoproject.com/en/6.0/howto/deployment/
Performing system checks...

System check identified no issues (0 silenced).
May 24, 2026 - 12:33:10
Django version 6.0.5, using settings 'config.settings'
Starting development server at http://127.0.0.1:8001/
Quit the server with CTRL-BREAK.

WARNING: This is a development server. Do not use it in a production setting. Use a production WSGI or ASGI server instead.
For more information on production servers see: https://docs.djangoproject.com/en/6.0/howto/deployment/
Performing system checks...

Performing system checks...

System check identified no issues (0 silenced).
May 24, 2026 - 12:45:59
Django version 6.0.5, using settings 'config.settings'
Starting development server at http://127.0.0.1:8001/
Quit the server with CTRL-BREAK.

WARNING: This is a development server. Do not use it in a production setting. Use a production WSGI or ASGI server instead.
For more information on production servers see: https://docs.djangoproject.com/en/6.0/howto/deployment/
Performing system checks...

Performing system checks...

System check identified no issues (0 silenced).
May 24, 2026 - 12:48:19
Django version 6.0.5, using settings 'config.settings'
Starting development server at http://127.0.0.1:8001/
Quit the server with CTRL-BREAK.

WARNING: This is a development server. Do not use it in a production setting. Use a production WSGI or ASGI server instead.
For more information on production servers see: https://docs.djangoproject.com/en/6.0/howto/deployment/
Performing system checks...

System check identified no issues (0 silenced).
May 24, 2026 - 12:52:13
Django version 6.0.5, using settings 'config.settings'
Starting development server at http://127.0.0.1:8001/
Quit the server with CTRL-BREAK.

WARNING: This is a development server. Do not use it in a production setting. Use a production WSGI or ASGI server instead.
For more information on production servers see: https://docs.djangoproject.com/en/6.0/howto/deployment/
Performing system checks...

System check identified no issues (0 silenced).
May 24, 2026 - 12:54:15
Django version 6.0.5, using settings 'config.settings'
Starting development server at http://127.0.0.1:8001/
Quit the server with CTRL-BREAK.

WARNING: This is a development server. Do not use it in a production setting. Use a production WSGI or ASGI server instead.
For more information on production servers see: https://docs.djangoproject.com/en/6.0/howto/deployment/
Performing system checks...

System check identified no issues (0 silenced).
May 24, 2026 - 12:56:39
Django version 6.0.5, using settings 'config.settings'
Starting development server at http://127.0.0.1:8001/
Quit the server with CTRL-BREAK.

WARNING: This is a development server. Do not use it in a production setting. Use a production WSGI or ASGI server instead.
For more information on production servers see: https://docs.djangoproject.com/en/6.0/howto/deployment/
Performing system checks...

System check identified no issues (0 silenced).
May 24, 2026 - 12:56:45
Django version 6.0.5, using settings 'config.settings'
Starting development server at http://127.0.0.1:8001/
Quit the server with CTRL-BREAK.

WARNING: This is a development server. Do not use it in a production setting. Use a production WSGI or ASGI server instead.
For more information on production servers see: https://docs.djangoproject.com/en/6.0/howto/deployment/
Performing system checks...

System check identified no issues (0 silenced).
May 24, 2026 - 12:59:55
Django version 6.0.5, using settings 'config.settings'
Starting development server at http://127.0.0.1:8001/
Quit the server with CTRL-BREAK.

WARNING: This is a development server. Do not use it in a production setting. Use a production WSGI or ASGI server instead.
For more information on production servers see: https://docs.djangoproject.com/en/6.0/howto/deployment/
Performing system checks...

System check identified no issues (0 silenced).
May 24, 2026 - 13:06:21
Django version 6.0.5, using settings 'config.settings'
Starting development server at http://127.0.0.1:8001/
Quit the server with CTRL-BREAK.

WARNING: This is a development server. Do not use it in a production setting. Use a production WSGI or ASGI server instead.
For more information on production servers see: https://docs.djangoproject.com/en/6.0/howto/deployment/
Performing system checks...

System check identified no issues (0 silenced).
May 24, 2026 - 13:06:34
Django version 6.0.5, using settings 'config.settings'
Starting development server at http://127.0.0.1:8001/
Quit the server with CTRL-BREAK.

WARNING: This is a development server. Do not use it in a production setting. Use a production WSGI or ASGI server instead.
For more information on production servers see: https://docs.djangoproject.com/en/6.0/howto/deployment/
